<testsuites name="results">
  <testsuite name="all" package="all">
    <property name="random_seed" value="1781532696" />
    <testcase name="test_mux" classname="test_mux" file="/home/vikram/mux_project/test_mux.py" lineno="4" time="0.00048470497131347656" sim_time_ns="40.001" ratio_time="82526.49006591244" />
  </testsuite>
</testsuites>
